gpio.hpp:19:3:Gpio::Gpio(GPIO_TypeDef*, uint16_t, uint32_t, uint32_t, uint32_t)	48	static
gpio.hpp:31:3:Gpio::~Gpio()	16	static
gpio.hpp:33:8:void Gpio::WritePin(GPIO_PinState)	16	static
gpio.hpp:42:8:void Gpio::InitClock(GPIO_TypeDef*)	48	static
led.hpp:14:3:Led::Led(Gpio&)	16	static
led.hpp:15:8:void Led::Write(LedState)	16	static
led.hpp:29:3:LedRgb::LedRgb(Led&, Led&, Led&)	24	static
led.hpp:30:8:void LedRgb::Write(LedState, LedState, LedState)	24	static
main.cpp:24:5:int main()	24	static
main.cpp:62:1:void __static_initialization_and_destruction_0(int, int)	24	static
main.cpp:62:1:cpp)	8	static
main.cpp:62:1:cpp)	8	static
