Archive member included to satisfy reference by file (symbol)

c:/st/stm32cubeide_1.4.0/stm32cubeide/plugins/com.st.stm32cube.ide.mcu.externaltools.gnu-arm-embedded.7-2018-q2-update.win32_1.4.0.202007081208/tools/bin/../lib/gcc/arm-none-eabi/7.3.1/../../../../arm-none-eabi/lib/thumb/v7e-m/fpv4-sp/hard\libc_nano.a(lib_a-errno.o)
                              Core/Src/syscalls.o (__errno)
c:/st/stm32cubeide_1.4.0/stm32cubeide/plugins/com.st.stm32cube.ide.mcu.externaltools.gnu-arm-embedded.7-2018-q2-update.win32_1.4.0.202007081208/tools/bin/../lib/gcc/arm-none-eabi/7.3.1/../../../../arm-none-eabi/lib/thumb/v7e-m/fpv4-sp/hard\libc_nano.a(lib_a-exit.o)
                              c:/st/stm32cubeide_1.4.0/stm32cubeide/plugins/com.st.stm32cube.ide.mcu.externaltools.gnu-arm-embedded.7-2018-q2-update.win32_1.4.0.202007081208/tools/bin/../lib/gcc/arm-none-eabi/7.3.1/../../../../arm-none-eabi/lib/thumb/v7e-m/fpv4-sp/hard/crt0.o (exit)
c:/st/stm32cubeide_1.4.0/stm32cubeide/plugins/com.st.stm32cube.ide.mcu.externaltools.gnu-arm-embedded.7-2018-q2-update.win32_1.4.0.202007081208/tools/bin/../lib/gcc/arm-none-eabi/7.3.1/../../../../arm-none-eabi/lib/thumb/v7e-m/fpv4-sp/hard\libc_nano.a(lib_a-impure.o)
                              c:/st/stm32cubeide_1.4.0/stm32cubeide/plugins/com.st.stm32cube.ide.mcu.externaltools.gnu-arm-embedded.7-2018-q2-update.win32_1.4.0.202007081208/tools/bin/../lib/gcc/arm-none-eabi/7.3.1/../../../../arm-none-eabi/lib/thumb/v7e-m/fpv4-sp/hard\libc_nano.a(lib_a-exit.o) (_global_impure_ptr)
c:/st/stm32cubeide_1.4.0/stm32cubeide/plugins/com.st.stm32cube.ide.mcu.externaltools.gnu-arm-embedded.7-2018-q2-update.win32_1.4.0.202007081208/tools/bin/../lib/gcc/arm-none-eabi/7.3.1/../../../../arm-none-eabi/lib/thumb/v7e-m/fpv4-sp/hard\libc_nano.a(lib_a-init.o)
                              c:/st/stm32cubeide_1.4.0/stm32cubeide/plugins/com.st.stm32cube.ide.mcu.externaltools.gnu-arm-embedded.7-2018-q2-update.win32_1.4.0.202007081208/tools/bin/../lib/gcc/arm-none-eabi/7.3.1/../../../../arm-none-eabi/lib/thumb/v7e-m/fpv4-sp/hard/crt0.o (__libc_init_array)
c:/st/stm32cubeide_1.4.0/stm32cubeide/plugins/com.st.stm32cube.ide.mcu.externaltools.gnu-arm-embedded.7-2018-q2-update.win32_1.4.0.202007081208/tools/bin/../lib/gcc/arm-none-eabi/7.3.1/../../../../arm-none-eabi/lib/thumb/v7e-m/fpv4-sp/hard\libc_nano.a(lib_a-memset.o)
                              c:/st/stm32cubeide_1.4.0/stm32cubeide/plugins/com.st.stm32cube.ide.mcu.externaltools.gnu-arm-embedded.7-2018-q2-update.win32_1.4.0.202007081208/tools/bin/../lib/gcc/arm-none-eabi/7.3.1/../../../../arm-none-eabi/lib/thumb/v7e-m/fpv4-sp/hard/crt0.o (memset)

Allocating common symbols
Common symbol       size              file

uwTick              0x4               Drivers/STM32L4xx_HAL_Driver/Src/stm32l4xx_hal.o

Discarded input sections

 .text          0x00000000        0x0 c:/st/stm32cubeide_1.4.0/stm32cubeide/plugins/com.st.stm32cube.ide.mcu.externaltools.gnu-arm-embedded.7-2018-q2-update.win32_1.4.0.202007081208/tools/bin/../lib/gcc/arm-none-eabi/7.3.1/thumb/v7e-m/fpv4-sp/hard/crti.o
 .data          0x00000000        0x0 c:/st/stm32cubeide_1.4.0/stm32cubeide/plugins/com.st.stm32cube.ide.mcu.externaltools.gnu-arm-embedded.7-2018-q2-update.win32_1.4.0.202007081208/tools/bin/../lib/gcc/arm-none-eabi/7.3.1/thumb/v7e-m/fpv4-sp/hard/crti.o
 .bss           0x00000000        0x0 c:/st/stm32cubeide_1.4.0/stm32cubeide/plugins/com.st.stm32cube.ide.mcu.externaltools.gnu-arm-embedded.7-2018-q2-update.win32_1.4.0.202007081208/tools/bin/../lib/gcc/arm-none-eabi/7.3.1/thumb/v7e-m/fpv4-sp/hard/crti.o
 .data          0x00000000        0x4 c:/st/stm32cubeide_1.4.0/stm32cubeide/plugins/com.st.stm32cube.ide.mcu.externaltools.gnu-arm-embedded.7-2018-q2-update.win32_1.4.0.202007081208/tools/bin/../lib/gcc/arm-none-eabi/7.3.1/thumb/v7e-m/fpv4-sp/hard/crtbegin.o
 .text          0x00000000       0x74 c:/st/stm32cubeide_1.4.0/stm32cubeide/plugins/com.st.stm32cube.ide.mcu.externaltools.gnu-arm-embedded.7-2018-q2-update.win32_1.4.0.202007081208/tools/bin/../lib/gcc/arm-none-eabi/7.3.1/../../../../arm-none-eabi/lib/thumb/v7e-m/fpv4-sp/hard/crt0.o
 .data          0x00000000        0x0 c:/st/stm32cubeide_1.4.0/stm32cubeide/plugins/com.st.stm32cube.ide.mcu.externaltools.gnu-arm-embedded.7-2018-q2-update.win32_1.4.0.202007081208/tools/bin/../lib/gcc/arm-none-eabi/7.3.1/../../../../arm-none-eabi/lib/thumb/v7e-m/fpv4-sp/hard/crt0.o
 .bss           0x00000000        0x0 c:/st/stm32cubeide_1.4.0/stm32cubeide/plugins/com.st.stm32cube.ide.mcu.externaltools.gnu-arm-embedded.7-2018-q2-update.win32_1.4.0.202007081208/tools/bin/../lib/gcc/arm-none-eabi/7.3.1/../../../../arm-none-eabi/lib/thumb/v7e-m/fpv4-sp/hard/crt0.o
 .ARM.extab     0x00000000        0x0 c:/st/stm32cubeide_1.4.0/stm32cubeide/plugins/com.st.stm32cube.ide.mcu.externaltools.gnu-arm-embedded.7-2018-q2-update.win32_1.4.0.202007081208/tools/bin/../lib/gcc/arm-none-eabi/7.3.1/../../../../arm-none-eabi/lib/thumb/v7e-m/fpv4-sp/hard/crt0.o
[...]
Memory Configuration

Name             Origin             Length             Attributes
RAM              0x20000000         0x00018000         xrw
RAM2             0x10000000         0x00008000         xrw
FLASH            0x08000000         0x00080000         xr
*default*        0x00000000         0xffffffff

Linker script and memory map

LOAD c:/st/stm32cubeide_1.4.0/stm32cubeide/plugins/com.st.stm32cube.ide.mcu.externaltools.gnu-arm-embedded.7-2018-q2-update.win32_1.4.0.202007081208/tools/bin/../lib/gcc/arm-none-eabi/7.3.1/thumb/v7e-m/fpv4-sp/hard/crti.o
LOAD c:/st/stm32cubeide_1.4.0/stm32cubeide/plugins/com.st.stm32cube.ide.mcu.externaltools.gnu-arm-embedded.7-2018-q2-update.win32_1.4.0.202007081208/tools/bin/../lib/gcc/arm-none-eabi/7.3.1/thumb/v7e-m/fpv4-sp/hard/crtbegin.o
LOAD c:/st/stm32cubeide_1.4.0/stm32cubeide/plugins/com.st.stm32cube.ide.mcu.externaltools.gnu-arm-embedded.7-2018-q2-update.win32_1.4.0.202007081208/tools/bin/../lib/gcc/arm-none-eabi/7.3.1/../../../../arm-none-eabi/lib/thumb/v7e-m/fpv4-sp/hard/crt0.o
LOAD Core/Src/main.o
LOAD Core/Src/stm32l4xx_hal_msp.o
LOAD Core/Src/stm32l4xx_it.o
LOAD Core/Src/syscalls.o
LOAD Core/Src/sysmem.o
LOAD Core/Src/system_stm32l4xx.o
LOAD Core/Startup/startup_stm32l475vetx.o
LOAD Drivers/STM32L4xx_HAL_Driver/Src/stm32l4xx_hal.o
LOAD Drivers/STM32L4xx_HAL_Driver/Src/stm32l4xx_hal_cortex.o
LOAD Drivers/STM32L4xx_HAL_Driver/Src/stm32l4xx_hal_dma.o
LOAD Drivers/STM32L4xx_HAL_Driver/Src/stm32l4xx_hal_dma_ex.o
LOAD Drivers/STM32L4xx_HAL_Driver/Src/stm32l4xx_hal_exti.o
LOAD Drivers/STM32L4xx_HAL_Driver/Src/stm32l4xx_hal_flash.o
LOAD Drivers/STM32L4xx_HAL_Driver/Src/stm32l4xx_hal_flash_ex.o
LOAD Drivers/STM32L4xx_HAL_Driver/Src/stm32l4xx_hal_flash_ramfunc.o
LOAD Drivers/STM32L4xx_HAL_Driver/Src/stm32l4xx_hal_gpio.o
LOAD Drivers/STM32L4xx_HAL_Driver/Src/stm32l4xx_hal_i2c.o
LOAD Drivers/STM32L4xx_HAL_Driver/Src/stm32l4xx_hal_i2c_ex.o
LOAD Drivers/STM32L4xx_HAL_Driver/Src/stm32l4xx_hal_pwr.o
LOAD Drivers/STM32L4xx_HAL_Driver/Src/stm32l4xx_hal_pwr_ex.o
LOAD Drivers/STM32L4xx_HAL_Driver/Src/stm32l4xx_hal_rcc.o
LOAD Drivers/STM32L4xx_HAL_Driver/Src/stm32l4xx_hal_rcc_ex.o
LOAD Drivers/STM32L4xx_HAL_Driver/Src/stm32l4xx_hal_tim.o
LOAD Drivers/STM32L4xx_HAL_Driver/Src/stm32l4xx_hal_tim_ex.o
LOAD main.o
START GROUP
LOAD c:/st/stm32cubeide_1.4.0/stm32cubeide/plugins/com.st.stm32cube.ide.mcu.externaltools.gnu-arm-embedded.7-2018-q2-update.win32_1.4.0.202007081208/tools/bin/../lib/gcc/arm-none-eabi/7.3.1/../../../../arm-none-eabi/lib/thumb/v7e-m/fpv4-sp/hard\libstdc++_nano.a
LOAD c:/st/stm32cubeide_1.4.0/stm32cubeide/plugins/com.st.stm32cube.ide.mcu.externaltools.gnu-arm-embedded.7-2018-q2-update.win32_1.4.0.202007081208/tools/bin/../lib/gcc/arm-none-eabi/7.3.1/../../../../arm-none-eabi/lib/thumb/v7e-m/fpv4-sp/hard\libsupc++_nano.a
END GROUP
LOAD c:/st/stm32cubeide_1.4.0/stm32cubeide/plugins/com.st.stm32cube.ide.mcu.externaltools.gnu-arm-embedded.7-2018-q2-update.win32_1.4.0.202007081208/tools/bin/../lib/gcc/arm-none-eabi/7.3.1/../../../../arm-none-eabi/lib/thumb/v7e-m/fpv4-sp/hard\libstdc++_nano.a
LOAD c:/st/stm32cubeide_1.4.0/stm32cubeide/plugins/com.st.stm32cube.ide.mcu.externaltools.gnu-arm-embedded.7-2018-q2-update.win32_1.4.0.202007081208/tools/bin/../lib/gcc/arm-none-eabi/7.3.1/../../../../arm-none-eabi/lib/thumb/v7e-m/fpv4-sp/hard\libm.a
LOAD c:/st/stm32cubeide_1.4.0/stm32cubeide/plugins/com.st.stm32cube.ide.mcu.externaltools.gnu-arm-embedded.7-2018-q2-update.win32_1.4.0.202007081208/tools/bin/../lib/gcc/arm-none-eabi/7.3.1/../../../../arm-none-eabi/lib/thumb/v7e-m/fpv4-sp/hard\libc_nano.a
START GROUP
LOAD c:/st/stm32cubeide_1.4.0/stm32cubeide/plugins/com.st.stm32cube.ide.mcu.externaltools.gnu-arm-embedded.7-2018-q2-update.win32_1.4.0.202007081208/tools/bin/../lib/gcc/arm-none-eabi/7.3.1/thumb/v7e-m/fpv4-sp/hard\libgcc.a
LOAD c:/st/stm32cubeide_1.4.0/stm32cubeide/plugins/com.st.stm32cube.ide.mcu.externaltools.gnu-arm-embedded.7-2018-q2-update.win32_1.4.0.202007081208/tools/bin/../lib/gcc/arm-none-eabi/7.3.1/../../../../arm-none-eabi/lib/thumb/v7e-m/fpv4-sp/hard\libc_nano.a
END GROUP
START GROUP
LOAD c:/st/stm32cubeide_1.4.0/stm32cubeide/plugins/com.st.stm32cube.ide.mcu.externaltools.gnu-arm-embedded.7-2018-q2-update.win32_1.4.0.202007081208/tools/bin/../lib/gcc/arm-none-eabi/7.3.1/thumb/v7e-m/fpv4-sp/hard\libgcc.a
LOAD c:/st/stm32cubeide_1.4.0/stm32cubeide/plugins/com.st.stm32cube.ide.mcu.externaltools.gnu-arm-embedded.7-2018-q2-update.win32_1.4.0.202007081208/tools/bin/../lib/gcc/arm-none-eabi/7.3.1/../../../../arm-none-eabi/lib/thumb/v7e-m/fpv4-sp/hard\libc_nano.a
LOAD c:/st/stm32cubeide_1.4.0/stm32cubeide/plugins/com.st.stm32cube.ide.mcu.externaltools.gnu-arm-embedded.7-2018-q2-update.win32_1.4.0.202007081208/tools/bin/../lib/gcc/arm-none-eabi/7.3.1/../../../../arm-none-eabi/lib/thumb/v7e-m/fpv4-sp/hard\libnosys.a
END GROUP
START GROUP
LOAD c:/st/stm32cubeide_1.4.0/stm32cubeide/plugins/com.st.stm32cube.ide.mcu.externaltools.gnu-arm-embedded.7-2018-q2-update.win32_1.4.0.202007081208/tools/bin/../lib/gcc/arm-none-eabi/7.3.1/thumb/v7e-m/fpv4-sp/hard\libgcc.a
LOAD c:/st/stm32cubeide_1.4.0/stm32cubeide/plugins/com.st.stm32cube.ide.mcu.externaltools.gnu-arm-embedded.7-2018-q2-update.win32_1.4.0.202007081208/tools/bin/../lib/gcc/arm-none-eabi/7.3.1/../../../../arm-none-eabi/lib/thumb/v7e-m/fpv4-sp/hard\libc_nano.a
LOAD c:/st/stm32cubeide_1.4.0/stm32cubeide/plugins/com.st.stm32cube.ide.mcu.externaltools.gnu-arm-embedded.7-2018-q2-update.win32_1.4.0.202007081208/tools/bin/../lib/gcc/arm-none-eabi/7.3.1/../../../../arm-none-eabi/lib/thumb/v7e-m/fpv4-sp/hard\libnosys.a
END GROUP
LOAD c:/st/stm32cubeide_1.4.0/stm32cubeide/plugins/com.st.stm32cube.ide.mcu.externaltools.gnu-arm-embedded.7-2018-q2-update.win32_1.4.0.202007081208/tools/bin/../lib/gcc/arm-none-eabi/7.3.1/thumb/v7e-m/fpv4-sp/hard/crtend.o
LOAD c:/st/stm32cubeide_1.4.0/stm32cubeide/plugins/com.st.stm32cube.ide.mcu.externaltools.gnu-arm-embedded.7-2018-q2-update.win32_1.4.0.202007081208/tools/bin/../lib/gcc/arm-none-eabi/7.3.1/thumb/v7e-m/fpv4-sp/hard/crtn.o
                0x20018000                _estack = (ORIGIN (RAM) + LENGTH (RAM))
                0x00000200                _Min_Heap_Size = 0x200
                0x00000400                _Min_Stack_Size = 0x400

.isr_vector     0x08000000      0x188
                0x08000000                . = ALIGN (0x4)
 *(.isr_vector)
 .isr_vector    0x08000000      0x188 Core/Startup/startup_stm32l475vetx.o
                0x08000000                g_pfnVectors
                0x08000188                . = ALIGN (0x4)

.text           0x08000188     0x1ba0
                0x08000188                . = ALIGN (0x4)
 *(.text)
 .text          0x08000188       0x40 c:/st/stm32cubeide_1.4.0/stm32cubeide/plugins/com.st.stm32cube.ide.mcu.externaltools.gnu-arm-embedded.7-2018-q2-update.win32_1.4.0.202007081208/tools/bin/../lib/gcc/arm-none-eabi/7.3.1/thumb/v7e-m/fpv4-sp/hard/crtbegin.o
 *(.text*)
 .text.SystemClock_Config
                0x080001c8       0x9e Core/Src/main.o
                0x080001c8                SystemClock_Config
 .text.Error_Handler
                0x08000266        0xe Core/Src/main.o
                0x08000266                Error_Handler
 .text.HAL_MspInit
                0x08000274       0x48 Core/Src/stm32l4xx_hal_msp.o
                0x08000274                HAL_MspInit
 .text.NMI_Handler
                0x080002bc        0xe Core/Src/stm32l4xx_it.o
                0x080002bc                NMI_Handler
 .text.HardFault_Handler
                0x080002ca        0x6 Core/Src/stm32l4xx_it.o
                0x080002ca                HardFault_Handler
 .text.MemManage_Handler
                0x080002d0        0x6 Core/Src/stm32l4xx_it.o
                0x080002d0                MemManage_Handler
 .text.BusFault_Handler
                0x080002d6        0x6 Core/Src/stm32l4xx_it.o
                0x080002d6                BusFault_Handler
 .text.UsageFault_Handler
                0x080002dc        0x6 Core/Src/stm32l4xx_it.o
                0x080002dc                UsageFault_Handler
 .text.SVC_Handler
                0x080002e2        0xe Core/Src/stm32l4xx_it.o
                0x080002e2                SVC_Handler
 .text.DebugMon_Handler
                0x080002f0        0xe Core/Src/stm32l4xx_it.o
                0x080002f0                DebugMon_Handler
 .text.PendSV_Handler
                0x080002fe        0xe Core/Src/stm32l4xx_it.o
                0x080002fe                PendSV_Handler
 .text.SysTick_Handler
                0x0800030c        0xc Core/Src/stm32l4xx_it.o
                0x0800030c                SysTick_Handler
 .text.SystemInit
                0x08000318       0x6c Core/Src/system_stm32l4xx.o
                0x08000318                SystemInit
 .text.Reset_Handler
                0x08000384       0x50 Core/Startup/startup_stm32l475vetx.o
                0x08000384                Reset_Handler
 .text.Default_Handler
                0x080003d4        0x2 Core/Startup/startup_stm32l475vetx.o
                0x080003d4                RTC_Alarm_IRQHandler
                0x080003d4                EXTI2_IRQHandler
                0x080003d4                TIM8_TRG_COM_IRQHandler
                0x080003d4                TIM8_CC_IRQHandler
                0x080003d4                TIM1_CC_IRQHandler
                0x080003d4                TSC_IRQHandler
                0x080003d4                TAMP_STAMP_IRQHandler
                0x080003d4                EXTI3_IRQHandler
                0x080003d4                LPTIM2_IRQHandler
                0x080003d4                DFSDM1_FLT1_IRQHandler
                0x080003d4                I2C3_ER_IRQHandler
                0x080003d4                DFSDM1_FLT2_IRQHandler
                0x080003d4                EXTI0_IRQHandler
                0x080003d4                I2C2_EV_IRQHandler
                0x080003d4                CAN1_RX0_IRQHandler
                0x080003d4                FPU_IRQHandler
                0x080003d4                TIM1_UP_TIM16_IRQHandler
                0x080003d4                ADC1_2_IRQHandler
                0x080003d4                SPI1_IRQHandler
                0x080003d4                TIM6_DAC_IRQHandler
                0x080003d4                TIM8_UP_IRQHandler
                0x080003d4                DMA2_Channel2_IRQHandler
                0x080003d4                DMA1_Channel4_IRQHandler
                0x080003d4                SAI2_IRQHandler
                0x080003d4                DFSDM1_FLT3_IRQHandler
                0x080003d4                USART3_IRQHandler
                0x080003d4                DMA1_Channel7_IRQHandler
                0x080003d4                CAN1_RX1_IRQHandler
                0x080003d4                UART5_IRQHandler
                0x080003d4                ADC3_IRQHandler
                0x080003d4                TIM4_IRQHandler
                0x080003d4                DMA2_Channel1_IRQHandler
                0x080003d4                QUADSPI_IRQHandler
                0x080003d4                I2C1_EV_IRQHandler
                0x080003d4                DMA1_Channel6_IRQHandler
                0x080003d4                UART4_IRQHandler
                0x080003d4                DMA2_Channel4_IRQHandler
                0x080003d4                TIM3_IRQHandler
                0x080003d4                RCC_IRQHandler
                0x080003d4                DMA1_Channel1_IRQHandler
                0x080003d4                Default_Handler
                0x080003d4                DMA2_Channel7_IRQHandler
                0x080003d4                EXTI15_10_IRQHandler
                0x080003d4                TIM7_IRQHandler
                0x080003d4                SDMMC1_IRQHandler
                0x080003d4                TIM5_IRQHandler
                0x080003d4                I2C3_EV_IRQHandler
                0x080003d4                EXTI9_5_IRQHandler
                0x080003d4                RTC_WKUP_IRQHandler
                0x080003d4                PVD_PVM_IRQHandler
                0x080003d4                SPI2_IRQHandler
                0x080003d4                CAN1_TX_IRQHandler
                0x080003d4                DMA2_Channel5_IRQHandler
                0x080003d4                DMA1_Channel5_IRQHandler
                0x080003d4                EXTI4_IRQHandler
                0x080003d4                RNG_IRQHandler
                0x080003d4                TIM1_TRG_COM_TIM17_IRQHandler
                0x080003d4                DMA1_Channel3_IRQHandler
                0x080003d4                COMP_IRQHandler
                0x080003d4                WWDG_IRQHandler
                0x080003d4                LPUART1_IRQHandler
                0x080003d4                DMA2_Channel6_IRQHandler
                0x080003d4                TIM2_IRQHandler
                0x080003d4                EXTI1_IRQHandler
                0x080003d4                USART2_IRQHandler
                0x080003d4                DFSDM1_FLT0_IRQHandler
                0x080003d4                I2C2_ER_IRQHandler
                0x080003d4                DMA1_Channel2_IRQHandler
                0x080003d4                TIM8_BRK_IRQHandler
                0x080003d4                CAN1_SCE_IRQHandler
                0x080003d4                FLASH_IRQHandler
                0x080003d4                USART1_IRQHandler
                0x080003d4                OTG_FS_IRQHandler
                0x080003d4                SPI3_IRQHandler
                0x080003d4                I2C1_ER_IRQHandler
                0x080003d4                FMC_IRQHandler
                0x080003d4                SWPMI1_IRQHandler
                0x080003d4                LPTIM1_IRQHandler
                0x080003d4                SAI1_IRQHandler
                0x080003d4                DMA2_Channel3_IRQHandler
                0x080003d4                TIM1_BRK_TIM15_IRQHandler
 .text.HAL_Init
                0x080003d6       0x30 Drivers/STM32L4xx_HAL_Driver/Src/stm32l4xx_hal.o
                0x080003d6                HAL_Init
 *fill*         0x08000406        0x2 
 .text.HAL_InitTick
                0x08000408       0x78 Drivers/STM32L4xx_HAL_Driver/Src/stm32l4xx_hal.o
                0x08000408                HAL_InitTick
 .text.HAL_IncTick
                0x08000480       0x28 Drivers/STM32L4xx_HAL_Driver/Src/stm32l4xx_hal.o
                0x08000480                HAL_IncTick
 .text.HAL_GetTick
                0x080004a8       0x18 Drivers/STM32L4xx_HAL_Driver/Src/stm32l4xx_hal.o
                0x080004a8                HAL_GetTick
 .text.HAL_Delay
                0x080004c0       0x44 Drivers/STM32L4xx_HAL_Driver/Src/stm32l4xx_hal.o
                0x080004c0                HAL_Delay
 .text.__NVIC_SetPriorityGrouping
                0x08000504       0x48 Drivers/STM32L4xx_HAL_Driver/Src/stm32l4xx_hal_cortex.o
 .text.__NVIC_GetPriorityGrouping
                0x0800054c       0x1c Drivers/STM32L4xx_HAL_Driver/Src/stm32l4xx_hal_cortex.o
 .text.__NVIC_SetPriority
                0x08000568       0x54 Drivers/STM32L4xx_HAL_Driver/Src/stm32l4xx_hal_cortex.o
 .text.NVIC_EncodePriority
                0x080005bc       0x66 Drivers/STM32L4xx_HAL_Driver/Src/stm32l4xx_hal_cortex.o
 *fill*         0x08000622        0x2 
 .text.SysTick_Config
                0x08000624       0x44 Drivers/STM32L4xx_HAL_Driver/Src/stm32l4xx_hal_cortex.o
 .text.HAL_NVIC_SetPriorityGrouping
                0x08000668       0x16 Drivers/STM32L4xx_HAL_Driver/Src/stm32l4xx_hal_cortex.o
                0x08000668                HAL_NVIC_SetPriorityGrouping
 .text.HAL_NVIC_SetPriority
                0x0800067e       0x38 Drivers/STM32L4xx_HAL_Driver/Src/stm32l4xx_hal_cortex.o
                0x0800067e                HAL_NVIC_SetPriority
 .text.HAL_SYSTICK_Config
                0x080006b6       0x18 Drivers/STM32L4xx_HAL_Driver/Src/stm32l4xx_hal_cortex.o
                0x080006b6                HAL_SYSTICK_Config
 *fill*         0x080006ce        0x2 
 .text.HAL_GPIO_Init
                0x080006d0      0x350 Drivers/STM32L4xx_HAL_Driver/Src/stm32l4xx_hal_gpio.o
                0x080006d0                HAL_GPIO_Init
 .text.HAL_GPIO_DeInit
                0x08000a20      0x1e8 Drivers/STM32L4xx_HAL_Driver/Src/stm32l4xx_hal_gpio.o
                0x08000a20                HAL_GPIO_DeInit
 .text.HAL_GPIO_WritePin
                0x08000c08       0x30 Drivers/STM32L4xx_HAL_Driver/Src/stm32l4xx_hal_gpio.o
                0x08000c08                HAL_GPIO_WritePin
 .text.HAL_PWREx_GetVoltageRange
                0x08000c38       0x1c Drivers/STM32L4xx_HAL_Driver/Src/stm32l4xx_hal_pwr_ex.o
                0x08000c38                HAL_PWREx_GetVoltageRange
 .text.HAL_PWREx_ControlVoltageScaling
                0x08000c54       0xac Drivers/STM32L4xx_HAL_Driver/Src/stm32l4xx_hal_pwr_ex.o
                0x08000c54                HAL_PWREx_ControlVoltageScaling
 .text.HAL_RCC_OscConfig
                0x08000d00      0x7cc Drivers/STM32L4xx_HAL_Driver/Src/stm32l4xx_hal_rcc.o
                0x08000d00                HAL_RCC_OscConfig
 .text.HAL_RCC_ClockConfig
                0x080014cc      0x1c4 Drivers/STM32L4xx_HAL_Driver/Src/stm32l4xx_hal_rcc.o
                0x080014cc                HAL_RCC_ClockConfig
 .text.HAL_RCC_GetSysClockFreq
                0x08001690      0x114 Drivers/STM32L4xx_HAL_Driver/Src/stm32l4xx_hal_rcc.o
                0x08001690                HAL_RCC_GetSysClockFreq
 .text.RCC_SetFlashLatencyFromMSIRange
                0x080017a4       0xc0 Drivers/STM32L4xx_HAL_Driver/Src/stm32l4xx_hal_rcc.o
 .text._ZN4GpioC2EP12GPIO_TypeDeftmmm
                0x08001864       0x64 main.o
                0x08001864                Gpio::Gpio(GPIO_TypeDef*, unsigned short, unsigned long, unsigned long, unsigned long)
                0x08001864                Gpio::Gpio(GPIO_TypeDef*, unsigned short, unsigned long, unsigned long, unsigned long)
 .text._ZN4GpioD2Ev
                0x080018c8       0x22 main.o
                0x080018c8                Gpio::~Gpio()
                0x080018c8                Gpio::~Gpio()
 .text._ZN4Gpio8WritePinE13GPIO_PinState
                0x080018ea       0x24 main.o
                0x080018ea                Gpio::WritePin(GPIO_PinState)
 *fill*         0x0800190e        0x2 
 .text._ZN4Gpio9InitClockEP12GPIO_TypeDef
                0x08001910      0x14c main.o
                0x08001910                Gpio::InitClock(GPIO_TypeDef*)
 .text._ZN3LedC2ER4Gpio
                0x08001a5c       0x26 main.o
                0x08001a5c                Led::Led(Gpio&)
                0x08001a5c                Led::Led(Gpio&)
 .text._ZN3Led5WriteE8LedState
                0x08001a82       0x32 main.o
                0x08001a82                Led::Write(LedState)
 .text._ZN6LedRgbC2ER3LedS1_S1_
                0x08001ab4       0x2e main.o
                0x08001ab4                LedRgb::LedRgb(Led&, Led&, Led&)
                0x08001ab4                LedRgb::LedRgb(Led&, Led&, Led&)
 .text._ZN6LedRgb5WriteE8LedStateS0_S0_
                0x08001ae2       0x3a main.o
                0x08001ae2                LedRgb::Write(LedState, LedState, LedState)
 .text.main     0x08001b1c       0xb4 main.o
                0x08001b1c                main
 .text._Z41__static_initialization_and_destruction_0ii
                0x08001bd0       0xc8 main.o
 .text._GLOBAL__sub_I_GpioR
                0x08001c98       0x10 main.o
 .text._GLOBAL__sub_D_GpioR
                0x08001ca8       0x10 main.o
 .text.__libc_init_array
                0x08001cb8       0x48 c:/st/stm32cubeide_1.4.0/stm32cubeide/plugins/com.st.stm32cube.ide.mcu.externaltools.gnu-arm-embedded.7-2018-q2-update.win32_1.4.0.202007081208/tools/bin/../lib/gcc/arm-none-eabi/7.3.1/../../../../arm-none-eabi/lib/thumb/v7e-m/fpv4-sp/hard\libc_nano.a(lib_a-init.o)
                0x08001cb8                __libc_init_array
 .text.memset   0x08001d00       0x10 c:/st/stm32cubeide_1.4.0/stm32cubeide/plugins/com.st.stm32cube.ide.mcu.externaltools.gnu-arm-embedded.7-2018-q2-update.win32_1.4.0.202007081208/tools/bin/../lib/gcc/arm-none-eabi/7.3.1/../../../../arm-none-eabi/lib/thumb/v7e-m/fpv4-sp/hard\libc_nano.a(lib_a-memset.o)
                0x08001d00                memset
 *(.glue_7)
 .glue_7        0x08001d10        0x0 linker stubs
 *(.glue_7t)
 .glue_7t       0x08001d10        0x0 linker stubs
 *(.eh_frame)
 .eh_frame      0x08001d10        0x0 c:/st/stm32cubeide_1.4.0/stm32cubeide/plugins/com.st.stm32cube.ide.mcu.externaltools.gnu-arm-embedded.7-2018-q2-update.win32_1.4.0.202007081208/tools/bin/../lib/gcc/arm-none-eabi/7.3.1/thumb/v7e-m/fpv4-sp/hard/crtbegin.o
 *(.init)
 .init          0x08001d10        0x4 c:/st/stm32cubeide_1.4.0/stm32cubeide/plugins/com.st.stm32cube.ide.mcu.externaltools.gnu-arm-embedded.7-2018-q2-update.win32_1.4.0.202007081208/tools/bin/../lib/gcc/arm-none-eabi/7.3.1/thumb/v7e-m/fpv4-sp/hard/crti.o
                0x08001d10                _init
 .init          0x08001d14        0x8 c:/st/stm32cubeide_1.4.0/stm32cubeide/plugins/com.st.stm32cube.ide.mcu.externaltools.gnu-arm-embedded.7-2018-q2-update.win32_1.4.0.202007081208/tools/bin/../lib/gcc/arm-none-eabi/7.3.1/thumb/v7e-m/fpv4-sp/hard/crtn.o
 *(.fini)
 .fini          0x08001d1c        0x4 c:/st/stm32cubeide_1.4.0/stm32cubeide/plugins/com.st.stm32cube.ide.mcu.externaltools.gnu-arm-embedded.7-2018-q2-update.win32_1.4.0.202007081208/tools/bin/../lib/gcc/arm-none-eabi/7.3.1/thumb/v7e-m/fpv4-sp/hard/crti.o
                0x08001d1c                _fini
 .fini          0x08001d20        0x8 c:/st/stm32cubeide_1.4.0/stm32cubeide/plugins/com.st.stm32cube.ide.mcu.externaltools.gnu-arm-embedded.7-2018-q2-update.win32_1.4.0.202007081208/tools/bin/../lib/gcc/arm-none-eabi/7.3.1/thumb/v7e-m/fpv4-sp/hard/crtn.o
                0x08001d28                . = ALIGN (0x4)
                0x08001d28                _etext = .

.vfp11_veneer   0x08001d28        0x0
 .vfp11_veneer  0x08001d28        0x0 linker stubs

.v4_bx          0x08001d28        0x0
 .v4_bx         0x08001d28        0x0 linker stubs

.iplt           0x08001d28        0x0
 .iplt          0x08001d28        0x0 c:/st/stm32cubeide_1.4.0/stm32cubeide/plugins/com.st.stm32cube.ide.mcu.externaltools.gnu-arm-embedded.7-2018-q2-update.win32_1.4.0.202007081208/tools/bin/../lib/gcc/arm-none-eabi/7.3.1/thumb/v7e-m/fpv4-sp/hard/crtbegin.o

.rodata         0x08001d28       0x40
                0x08001d28                . = ALIGN (0x4)
 *(.rodata)
 *(.rodata*)
 .rodata.AHBPrescTable
                0x08001d28       0x10 Core/Src/system_stm32l4xx.o
                0x08001d28                AHBPrescTable
 .rodata.MSIRangeTable
                0x08001d38       0x30 Core/Src/system_stm32l4xx.o
                0x08001d38                MSIRangeTable
                0x08001d68                . = ALIGN (0x4)

.rel.dyn        0x08001d68        0x0
 .rel.iplt      0x08001d68        0x0 c:/st/stm32cubeide_1.4.0/stm32cubeide/plugins/com.st.stm32cube.ide.mcu.externaltools.gnu-arm-embedded.7-2018-q2-update.win32_1.4.0.202007081208/tools/bin/../lib/gcc/arm-none-eabi/7.3.1/thumb/v7e-m/fpv4-sp/hard/crtbegin.o

.ARM.extab      0x08001d68        0x0
                0x08001d68                . = ALIGN (0x4)
 *(.ARM.extab* .gnu.linkonce.armextab.*)
                0x08001d68                . = ALIGN (0x4)

.ARM            0x08001d68        0x0
                0x08001d68                . = ALIGN (0x4)
                0x08001d68                __exidx_start = .
 *(.ARM.exidx*)
                0x08001d68                __exidx_end = .
                0x08001d68                . = ALIGN (0x4)

.preinit_array  0x08001d68        0x0
                0x08001d68                . = ALIGN (0x4)
                0x08001d68                PROVIDE (__preinit_array_start = .)
 *(.preinit_array*)
                0x08001d68                PROVIDE (__preinit_array_end = .)
                0x08001d68                . = ALIGN (0x4)

.init_array     0x08001d68        0x8
                0x08001d68                . = ALIGN (0x4)
                0x08001d68                PROVIDE (__init_array_start = .)
 *(SORT_BY_NAME(.init_array.*))
 *(.init_array*)
 .init_array    0x08001d68        0x4 c:/st/stm32cubeide_1.4.0/stm32cubeide/plugins/com.st.stm32cube.ide.mcu.externaltools.gnu-arm-embedded.7-2018-q2-update.win32_1.4.0.202007081208/tools/bin/../lib/gcc/arm-none-eabi/7.3.1/thumb/v7e-m/fpv4-sp/hard/crtbegin.o
 .init_array    0x08001d6c        0x4 main.o
                0x08001d70                PROVIDE (__init_array_end = .)
                0x08001d70                . = ALIGN (0x4)

.fini_array     0x08001d70        0x8
                0x08001d70                . = ALIGN (0x4)
                [!provide]                PROVIDE (__fini_array_start = .)
 *(SORT_BY_NAME(.fini_array.*))
 *(.fini_array*)
 .fini_array    0x08001d70        0x4 c:/st/stm32cubeide_1.4.0/stm32cubeide/plugins/com.st.stm32cube.ide.mcu.externaltools.gnu-arm-embedded.7-2018-q2-update.win32_1.4.0.202007081208/tools/bin/../lib/gcc/arm-none-eabi/7.3.1/thumb/v7e-m/fpv4-sp/hard/crtbegin.o
 .fini_array    0x08001d74        0x4 main.o
                [!provide]                PROVIDE (__fini_array_end = .)
                0x08001d78                . = ALIGN (0x4)
                0x08001d78                _sidata = LOADADDR (.data)

.data           0x20000000        0xc load address 0x08001d78
                0x20000000                . = ALIGN (0x4)
                0x20000000                _sdata = .
 *(.data)
 *(.data*)
 .data.SystemCoreClock
                0x20000000        0x4 Core/Src/system_stm32l4xx.o
                0x20000000                SystemCoreClock
 .data.uwTickPrio
                0x20000004        0x4 Drivers/STM32L4xx_HAL_Driver/Src/stm32l4xx_hal.o
                0x20000004                uwTickPrio
 .data.uwTickFreq
                0x20000008        0x1 Drivers/STM32L4xx_HAL_Driver/Src/stm32l4xx_hal.o
                0x20000008                uwTickFreq
                0x2000000c                . = ALIGN (0x4)
 *fill*         0x20000009        0x3 
                0x2000000c                _edata = .

.igot.plt       0x2000000c        0x0 load address 0x08001d84
 .igot.plt      0x2000000c        0x0 c:/st/stm32cubeide_1.4.0/stm32cubeide/plugins/com.st.stm32cube.ide.mcu.externaltools.gnu-arm-embedded.7-2018-q2-update.win32_1.4.0.202007081208/tools/bin/../lib/gcc/arm-none-eabi/7.3.1/thumb/v7e-m/fpv4-sp/hard/crtbegin.o
                0x2000000c                . = ALIGN (0x4)

.bss            0x2000000c       0x50 load address 0x08001d84
                0x2000000c                _sbss = .
                0x2000000c                __bss_start__ = _sbss
 *(.bss)
 .bss           0x2000000c       0x1c c:/st/stm32cubeide_1.4.0/stm32cubeide/plugins/com.st.stm32cube.ide.mcu.externaltools.gnu-arm-embedded.7-2018-q2-update.win32_1.4.0.202007081208/tools/bin/../lib/gcc/arm-none-eabi/7.3.1/thumb/v7e-m/fpv4-sp/hard/crtbegin.o
 *(.bss*)
 .bss.GpioR     0x20000028        0x8 main.o
                0x20000028                GpioR
 .bss.GpioG     0x20000030        0x8 main.o
                0x20000030                GpioG
 .bss.GpioB     0x20000038        0x8 main.o
                0x20000038                GpioB
 .bss.LedR      0x20000040        0x4 main.o
                0x20000040                LedR
 .bss.LedG      0x20000044        0x4 main.o
                0x20000044                LedG
 .bss.LedB      0x20000048        0x4 main.o
                0x20000048                LedB
 .bss.myRgb     0x2000004c        0xc main.o
                0x2000004c                myRgb
 *(COMMON)
 COMMON         0x20000058        0x4 Drivers/STM32L4xx_HAL_Driver/Src/stm32l4xx_hal.o
                0x20000058                uwTick
                0x2000005c                . = ALIGN (0x4)
                0x2000005c                _ebss = .
                0x2000005c                __bss_end__ = _ebss

._user_heap_stack
                0x2000005c      0x604 load address 0x08001d84
                0x20000060                . = ALIGN (0x8)
 *fill*         0x2000005c        0x4 
                [!provide]                PROVIDE (end = .)
                0x20000060                PROVIDE (_end = .)
                0x20000260                . = (. + _Min_Heap_Size)
 *fill*         0x20000060      0x200 
                0x20000660                . = (. + _Min_Stack_Size)
 *fill*         0x20000260      0x400 
                0x20000660                . = ALIGN (0x8)

/DISCARD/
 libc.a(*)
 libm.a(*)
 libgcc.a(*)

.ARM.attributes
                0x00000000       0x30
 *(.ARM.attributes)
 .ARM.attributes
                0x00000000       0x22 c:/st/stm32cubeide_1.4.0/stm32cubeide/plugins/com.st.stm32cube.ide.mcu.externaltools.gnu-arm-embedded.7-2018-q2-update.win32_1.4.0.202007081208/tools/bin/../lib/gcc/arm-none-eabi/7.3.1/thumb/v7e-m/fpv4-sp/hard/crti.o
 .ARM.attributes
                0x00000022       0x34 c:/st/stm32cubeide_1.4.0/stm32cubeide/plugins/com.st.stm32cube.ide.mcu.externaltools.gnu-arm-embedded.7-2018-q2-update.win32_1.4.0.202007081208/tools/bin/../lib/gcc/arm-none-eabi/7.3.1/thumb/v7e-m/fpv4-sp/hard/crtbegin.o
 .ARM.attributes
                0x00000056       0x39 Core/Src/main.o
 .ARM.attributes
                0x0000008f       0x39 Core/Src/stm32l4xx_hal_msp.o
 .ARM.attributes
                0x000000c8       0x39 Core/Src/stm32l4xx_it.o
 .ARM.attributes
                0x00000101       0x39 Core/Src/system_stm32l4xx.o
 .ARM.attributes
                0x0000013a       0x21 Core/Startup/startup_stm32l475vetx.o
 .ARM.attributes
                0x0000015b       0x39 Drivers/STM32L4xx_HAL_Driver/Src/stm32l4xx_hal.o
 .ARM.attributes
                0x00000194       0x39 Drivers/STM32L4xx_HAL_Driver/Src/stm32l4xx_hal_cortex.o
 .ARM.attributes
                0x000001cd       0x39 Drivers/STM32L4xx_HAL_Driver/Src/stm32l4xx_hal_gpio.o
 .ARM.attributes
                0x00000206       0x39 Drivers/STM32L4xx_HAL_Driver/Src/stm32l4xx_hal_pwr_ex.o
 .ARM.attributes
                0x0000023f       0x39 Drivers/STM32L4xx_HAL_Driver/Src/stm32l4xx_hal_rcc.o
 .ARM.attributes
                0x00000278       0x39 main.o
 .ARM.attributes
                0x000002b1       0x34 c:/st/stm32cubeide_1.4.0/stm32cubeide/plugins/com.st.stm32cube.ide.mcu.externaltools.gnu-arm-embedded.7-2018-q2-update.win32_1.4.0.202007081208/tools/bin/../lib/gcc/arm-none-eabi/7.3.1/../../../../arm-none-eabi/lib/thumb/v7e-m/fpv4-sp/hard\libc_nano.a(lib_a-init.o)
 .ARM.attributes
                0x000002e5       0x34 c:/st/stm32cubeide_1.4.0/stm32cubeide/plugins/com.st.stm32cube.ide.mcu.externaltools.gnu-arm-embedded.7-2018-q2-update.win32_1.4.0.202007081208/tools/bin/../lib/gcc/arm-none-eabi/7.3.1/../../../../arm-none-eabi/lib/thumb/v7e-m/fpv4-sp/hard\libc_nano.a(lib_a-memset.o)
 .ARM.attributes
                0x00000319       0x22 c:/st/stm32cubeide_1.4.0/stm32cubeide/plugins/com.st.stm32cube.ide.mcu.externaltools.gnu-arm-embedded.7-2018-q2-update.win32_1.4.0.202007081208/tools/bin/../lib/gcc/arm-none-eabi/7.3.1/thumb/v7e-m/fpv4-sp/hard/crtn.o
OUTPUT(Pandora.elf elf32-littlearm)

.debug_info     0x00000000     0x62f0
 .debug_info    0x00000000      0x818 Core/Src/main.o
 .debug_info    0x00000818      0x4f9 Core/Src/stm32l4xx_hal_msp.o
 .debug_info    0x00000d11      0x349 Core/Src/stm32l4xx_it.o
 .debug_info    0x0000105a      0x727 Core/Src/system_stm32l4xx.o
 .debug_info    0x00001781       0x22 Core/Startup/startup_stm32l475vetx.o
 .debug_info    0x000017a3      0xc1a Drivers/STM32L4xx_HAL_Driver/Src/stm32l4xx_hal.o
 .debug_info    0x000023bd      0xf67 Drivers/STM32L4xx_HAL_Driver/Src/stm32l4xx_hal_cortex.o
 .debug_info    0x00003324      0x9c2 Drivers/STM32L4xx_HAL_Driver/Src/stm32l4xx_hal_gpio.o
 .debug_info    0x00003ce6      0xb35 Drivers/STM32L4xx_HAL_Driver/Src/stm32l4xx_hal_pwr_ex.o
 .debug_info    0x0000481b      0xd2f Drivers/STM32L4xx_HAL_Driver/Src/stm32l4xx_hal_rcc.o
 .debug_info    0x0000554a      0xda6 main.o

.debug_abbrev   0x00000000     0x12ff
 .debug_abbrev  0x00000000      0x164 Core/Src/main.o
 .debug_abbrev  0x00000164      0x125 Core/Src/stm32l4xx_hal_msp.o
 .debug_abbrev  0x00000289       0xe2 Core/Src/stm32l4xx_it.o
 .debug_abbrev  0x0000036b      0x150 Core/Src/system_stm32l4xx.o
 .debug_abbrev  0x000004bb       0x12 Core/Startup/startup_stm32l475vetx.o
 .debug_abbrev  0x000004cd      0x1fb Drivers/STM32L4xx_HAL_Driver/Src/stm32l4xx_hal.o
 .debug_abbrev  0x000006c8      0x2fa Drivers/STM32L4xx_HAL_Driver/Src/stm32l4xx_hal_cortex.o
 .debug_abbrev  0x000009c2      0x1c0 Drivers/STM32L4xx_HAL_Driver/Src/stm32l4xx_hal_gpio.o
 .debug_abbrev  0x00000b82      0x1cb Drivers/STM32L4xx_HAL_Driver/Src/stm32l4xx_hal_pwr_ex.o
 .debug_abbrev  0x00000d4d      0x245 Drivers/STM32L4xx_HAL_Driver/Src/stm32l4xx_hal_rcc.o
 .debug_abbrev  0x00000f92      0x36d main.o

.debug_aranges  0x00000000      0x5f0
 .debug_aranges
                0x00000000       0x30 Core/Src/main.o
 .debug_aranges
                0x00000030       0x20 Core/Src/stm32l4xx_hal_msp.o
 .debug_aranges
                0x00000050       0x60 Core/Src/stm32l4xx_it.o
 .debug_aranges
                0x000000b0       0x28 Core/Src/system_stm32l4xx.o
 .debug_aranges
                0x000000d8       0x28 Core/Startup/startup_stm32l475vetx.o
 .debug_aranges
                0x00000100      0x130 Drivers/STM32L4xx_HAL_Driver/Src/stm32l4xx_hal.o
 .debug_aranges
                0x00000230      0x118 Drivers/STM32L4xx_HAL_Driver/Src/stm32l4xx_hal_cortex.o
 .debug_aranges
                0x00000348       0x58 Drivers/STM32L4xx_HAL_Driver/Src/stm32l4xx_hal_gpio.o
 .debug_aranges
                0x000003a0      0x150 Drivers/STM32L4xx_HAL_Driver/Src/stm32l4xx_hal_pwr_ex.o
 .debug_aranges
                0x000004f0       0x88 Drivers/STM32L4xx_HAL_Driver/Src/stm32l4xx_hal_rcc.o
 .debug_aranges
                0x00000578       0x78 main.o

.debug_ranges   0x00000000      0x548
 .debug_ranges  0x00000000       0x20 Core/Src/main.o
 .debug_ranges  0x00000020       0x10 Core/Src/stm32l4xx_hal_msp.o
 .debug_ranges  0x00000030       0x50 Core/Src/stm32l4xx_it.o
 .debug_ranges  0x00000080       0x18 Core/Src/system_stm32l4xx.o
 .debug_ranges  0x00000098       0x20 Core/Startup/startup_stm32l475vetx.o
 .debug_ranges  0x000000b8      0x120 Drivers/STM32L4xx_HAL_Driver/Src/stm32l4xx_hal.o
 .debug_ranges  0x000001d8      0x108 Drivers/STM32L4xx_HAL_Driver/Src/stm32l4xx_hal_cortex.o
 .debug_ranges  0x000002e0       0x48 Drivers/STM32L4xx_HAL_Driver/Src/stm32l4xx_hal_gpio.o
 .debug_ranges  0x00000328      0x140 Drivers/STM32L4xx_HAL_Driver/Src/stm32l4xx_hal_pwr_ex.o
 .debug_ranges  0x00000468       0x78 Drivers/STM32L4xx_HAL_Driver/Src/stm32l4xx_hal_rcc.o
 .debug_ranges  0x000004e0       0x68 main.o

.debug_macro    0x00000000    0x25ed6
 .debug_macro   0x00000000      0x1c5 Core/Src/main.o
 .debug_macro   0x000001c5      0xa5a Core/Src/main.o
 .debug_macro   0x00000c1f      0x1a1 Core/Src/main.o
 .debug_macro   0x00000dc0       0x2e Core/Src/main.o
 .debug_macro   0x00000dee       0x28 Core/Src/main.o
 .debug_macro   0x00000e16       0x22 Core/Src/main.o
 .debug_macro   0x00000e38       0x8e Core/Src/main.o
 .debug_macro   0x00000ec6       0x51 Core/Src/main.o
 .debug_macro   0x00000f17       0xef Core/Src/main.o
 .debug_macro   0x00001006       0x6a Core/Src/main.o
 .debug_macro   0x00001070      0x1df Core/Src/main.o
 .debug_macro   0x0000124f       0x1c Core/Src/main.o
 .debug_macro   0x0000126b       0x22 Core/Src/main.o
 .debug_macro   0x0000128d      0x101 Core/Src/main.o
 .debug_macro   0x0000138e     0x1011 Core/Src/main.o
 .debug_macro   0x0000239f      0x11f Core/Src/main.o
 .debug_macro   0x000024be    0x19db6 Core/Src/main.o
 .debug_macro   0x0001c274       0x43 Core/Src/main.o
 .debug_macro   0x0001c2b7     0x3890 Core/Src/main.o
 .debug_macro   0x0001fb47      0x174 Core/Src/main.o
 .debug_macro   0x0001fcbb       0x5c Core/Src/main.o
 .debug_macro   0x0001fd17     0x1519 Core/Src/main.o
 .debug_macro   0x00021230      0x59e Core/Src/main.o
 .debug_macro   0x000217ce      0x13d Core/Src/main.o
 .debug_macro   0x0002190b      0x17d Core/Src/main.o
 .debug_macro   0x00021a88      0x26b Core/Src/main.o
 .debug_macro   0x00021cf3      0x23d Core/Src/main.o
 .debug_macro   0x00021f30      0x241 Core/Src/main.o
 .debug_macro   0x00022171      0x37c Core/Src/main.o
 .debug_macro   0x000224ed       0xd6 Core/Src/main.o
 .debug_macro   0x000225c3      0x22c Core/Src/main.o
 .debug_macro   0x000227ef       0x61 Core/Src/main.o
 .debug_macro   0x00022850       0xa5 Core/Src/main.o
 .debug_macro   0x000228f5      0x122 Core/Src/main.o
 .debug_macro   0x00022a17      0x3e9 Core/Src/main.o
 .debug_macro   0x00022e00      0x33a Core/Src/main.o
 .debug_macro   0x0002313a       0x28 Core/Src/main.o
 .debug_macro   0x00023162      0x1c5 Core/Src/stm32l4xx_hal_msp.o
 .debug_macro   0x00023327      0x1cf Core/Src/stm32l4xx_it.o
 .debug_macro   0x000234f6      0x1bc Core/Src/system_stm32l4xx.o
 .debug_macro   0x000236b2      0x204 Drivers/STM32L4xx_HAL_Driver/Src/stm32l4xx_hal.o
 .debug_macro   0x000238b6      0x1b6 Drivers/STM32L4xx_HAL_Driver/Src/stm32l4xx_hal_cortex.o
 .debug_macro   0x00023a6c      0x1f5 Drivers/STM32L4xx_HAL_Driver/Src/stm32l4xx_hal_gpio.o
 .debug_macro   0x00023c61      0x1da Drivers/STM32L4xx_HAL_Driver/Src/stm32l4xx_hal_pwr_ex.o
 .debug_macro   0x00023e3b      0x1f8 Drivers/STM32L4xx_HAL_Driver/Src/stm32l4xx_hal_rcc.o
 .debug_macro   0x00024033      0x1cf main.o
 .debug_macro   0x00024202      0xb2c main.o
 .debug_macro   0x00024d2e       0x1c main.o
 .debug_macro   0x00024d4a     0x1011 main.o
 .debug_macro   0x00025d5b      0x17b main.o

.debug_line     0x00000000     0x5295
 .debug_line    0x00000000      0x6b6 Core/Src/main.o
 .debug_line    0x000006b6      0x683 Core/Src/stm32l4xx_hal_msp.o
 .debug_line    0x00000d39      0x727 Core/Src/stm32l4xx_it.o
 .debug_line    0x00001460      0x6ae Core/Src/system_stm32l4xx.o
 .debug_line    0x00001b0e       0x87 Core/Startup/startup_stm32l475vetx.o
 .debug_line    0x00001b95      0x924 Drivers/STM32L4xx_HAL_Driver/Src/stm32l4xx_hal.o
 .debug_line    0x000024b9      0x9ac Drivers/STM32L4xx_HAL_Driver/Src/stm32l4xx_hal_cortex.o
 .debug_line    0x00002e65      0x83f Drivers/STM32L4xx_HAL_Driver/Src/stm32l4xx_hal_gpio.o
 .debug_line    0x000036a4      0xa38 Drivers/STM32L4xx_HAL_Driver/Src/stm32l4xx_hal_pwr_ex.o
 .debug_line    0x000040dc      0x99b Drivers/STM32L4xx_HAL_Driver/Src/stm32l4xx_hal_rcc.o
 .debug_line    0x00004a77      0x81e main.o

.debug_str      0x00000000    0xdebe5
 .debug_str     0x00000000    0xdc888 Core/Src/main.o
                              0xdcbd9 (size before relaxing)
 .debug_str     0x000dc888       0x2c Core/Src/stm32l4xx_hal_msp.o
                              0xdc9b3 (size before relaxing)
 .debug_str     0x000dc8b4       0xbd Core/Src/stm32l4xx_it.o
                              0xdc8f4 (size before relaxing)
 .debug_str     0x000dc971       0xcd Core/Src/system_stm32l4xx.o
                              0xdc9ce (size before relaxing)
 .debug_str     0x000dca3e       0x36 Core/Startup/startup_stm32l475vetx.o
                                 0x67 (size before relaxing)
 .debug_str     0x000dca74      0x9f6 Drivers/STM32L4xx_HAL_Driver/Src/stm32l4xx_hal.o
                              0xdd4a9 (size before relaxing)
 .debug_str     0x000dd46a      0x38c Drivers/STM32L4xx_HAL_Driver/Src/stm32l4xx_hal_cortex.o
                              0xdd219 (size before relaxing)
 .debug_str     0x000dd7f6      0x21e Drivers/STM32L4xx_HAL_Driver/Src/stm32l4xx_hal_gpio.o
                              0xdcc4d (size before relaxing)
 .debug_str     0x000dda14      0x4b4 Drivers/STM32L4xx_HAL_Driver/Src/stm32l4xx_hal_pwr_ex.o
                              0xdcee9 (size before relaxing)
 .debug_str     0x000ddec8      0x3aa Drivers/STM32L4xx_HAL_Driver/Src/stm32l4xx_hal_rcc.o
                              0xdcf90 (size before relaxing)
 .debug_str     0x000de272      0x973 main.o
                              0xdd20d (size before relaxing)

.comment        0x00000000       0x7f
 .comment       0x00000000       0x7f Core/Src/main.o
                                 0x80 (size before relaxing)
 .comment       0x0000007f       0x80 Core/Src/stm32l4xx_hal_msp.o
 .comment       0x0000007f       0x80 Core/Src/stm32l4xx_it.o
 .comment       0x0000007f       0x80 Core/Src/system_stm32l4xx.o
 .comment       0x0000007f       0x80 Drivers/STM32L4xx_HAL_Driver/Src/stm32l4xx_hal.o
 .comment       0x0000007f       0x80 Drivers/STM32L4xx_HAL_Driver/Src/stm32l4xx_hal_cortex.o
 .comment       0x0000007f       0x80 Drivers/STM32L4xx_HAL_Driver/Src/stm32l4xx_hal_gpio.o
 .comment       0x0000007f       0x80 Drivers/STM32L4xx_HAL_Driver/Src/stm32l4xx_hal_pwr_ex.o
 .comment       0x0000007f       0x80 Drivers/STM32L4xx_HAL_Driver/Src/stm32l4xx_hal_rcc.o
 .comment       0x0000007f       0x80 main.o

.debug_frame    0x00000000     0x15cc
 .debug_frame   0x00000000       0x78 Core/Src/main.o
 .debug_frame   0x00000078       0x38 Core/Src/stm32l4xx_hal_msp.o
 .debug_frame   0x000000b0      0x10c Core/Src/stm32l4xx_it.o
 .debug_frame   0x000001bc       0x58 Core/Src/system_stm32l4xx.o
 .debug_frame   0x00000214      0x498 Drivers/STM32L4xx_HAL_Driver/Src/stm32l4xx_hal.o
 .debug_frame   0x000006ac      0x498 Drivers/STM32L4xx_HAL_Driver/Src/stm32l4xx_hal_cortex.o
 .debug_frame   0x00000b44      0x14c Drivers/STM32L4xx_HAL_Driver/Src/stm32l4xx_hal_gpio.o
 .debug_frame   0x00000c90      0x544 Drivers/STM32L4xx_HAL_Driver/Src/stm32l4xx_hal_pwr_ex.o
 .debug_frame   0x000011d4      0x1f4 Drivers/STM32L4xx_HAL_Driver/Src/stm32l4xx_hal_rcc.o
 .debug_frame   0x000013c8      0x1b8 main.o
 .debug_frame   0x00001580       0x2c c:/st/stm32cubeide_1.4.0/stm32cubeide/plugins/com.st.stm32cube.ide.mcu.externaltools.gnu-arm-embedded.7-2018-q2-update.win32_1.4.0.202007081208/tools/bin/../lib/gcc/arm-none-eabi/7.3.1/../../../../arm-none-eabi/lib/thumb/v7e-m/fpv4-sp/hard\libc_nano.a(lib_a-init.o)
 .debug_frame   0x000015ac       0x20 c:/st/stm32cubeide_1.4.0/stm32cubeide/plugins/com.st.stm32cube.ide.mcu.externaltools.gnu-arm-embedded.7-2018-q2-update.win32_1.4.0.202007081208/tools/bin/../lib/gcc/arm-none-eabi/7.3.1/../../../../arm-none-eabi/lib/thumb/v7e-m/fpv4-sp/hard\libc_nano.a(lib_a-memset.o)
